topwords[] = def, 6, 0
topwords[] = jkl, 5, 0
topwords[] = ghi, 3, 0
