hello world
x: 87654321
u: 2271560481
d: -2023406815
s: hi there
q: 'hi i''m here'
c: !
g: 3.14159 3.14159e+10 3.14159e-10
e: 3.141590e+00 3.141590e+10 3.141590e-10
f: 3.141590 31415900000.000000 0.000000
smiley: â˜º
2e+25 2e+25
 1
0.785398
23
23
111 000222 333 444
111 000222 333 444
111               000222 333 444
111               000222 333 444
111               000222 333 444
1 2,222 33,333,333
000,000,000,000,000
00000001 00002222 33333333
0,000,001 0,002,222 33,333,333
1111:1111 ABCD:1234 11:0000:0011:1001
1 222,222,222 3,333,333,333,333
0000000000000000001 0000000000222222222 0000003333333333333
000,000,000,000,001 000,000,222,222,222 003,333,333,333,333
0,000,000,000,000,001 0,000,000,222,222,222 0,003,333,333,333,333
1111:1111:1111 ABCD:1234:5678 110:1011:0010:0011:0101:0100:1001
should see warning about %d
should see no warning about %N
should see one warning about %N
should see warning about %alpha
